// Vitest Snapshot v1, https://vitest.dev/guide/snapshot.html

exports[`Abstract Page renders correctly 1`] = `
{
  "asFragment": [Function],
  "baseElement": <body>
    <div>
      <div
        class="bg-white rounded-lg mt-[0px] m-5 h-[calc(100vh-160px)] text-black p-3"
      >
        <div
          class="grid grid-cols-3"
        >
          <div
            class="col-span-2"
          >
            <a
              class="cursor-pointer all-link"
            >
              Return to Previous Page
            </a>
            <br />
            <span
              class="text-[24px]"
            >
              Physics
               
              38893888
               - 
              Machine Learning Approaches to Financial Fraud Detection
            </span>
            <br />
            <span
              class="text-[20px] italic"
            >
              Elijah Smith
              Olivia Lewis
            </span>
            <br />
            <span
              class="text-[20px] italic"
            >
              Mentor: 
              Olivia Lewis
            </span>
          </div>
          <img
            class="place-self-center"
            src="/StudentSymposiumSoftware/umaine-machias.png"
          />
          <div
            class="col-span-3"
          >
            <span
              class="block mb-3 mt-2"
            >
              <span
                class="bg-primary-background text-white rounded-lg p-[5px] m-[5px] mb-0 ml-0"
              >
                Machine Learning
              </span>
              <span
                class="bg-primary-background text-white rounded-lg p-[5px] m-[5px] mb-0 ml-0"
              >
                Financial Fraud
              </span>
              <span
                class="bg-primary-background text-white rounded-lg p-[5px] m-[5px] mb-0 ml-0"
              >
                Detection
              </span>
            </span>
            This research explores the application of machine learning techniques in detecting financial fraud. By analyzing large datasets, we developed algorithms that can identify patterns indicative of fraudulent activities. Our findings demonstrate the effectiveness of these approaches in enhancing fraud detection systems, potentially saving millions in losses.
          </div>
        </div>
      </div>
    </div>
  </body>,
  "container": <div>
    <div
      class="bg-white rounded-lg mt-[0px] m-5 h-[calc(100vh-160px)] text-black p-3"
    >
      <div
        class="grid grid-cols-3"
      >
        <div
          class="col-span-2"
        >
          <a
            class="cursor-pointer all-link"
          >
            Return to Previous Page
          </a>
          <br />
          <span
            class="text-[24px]"
          >
            Physics
             
            38893888
             - 
            Machine Learning Approaches to Financial Fraud Detection
          </span>
          <br />
          <span
            class="text-[20px] italic"
          >
            Elijah Smith
            Olivia Lewis
          </span>
          <br />
          <span
            class="text-[20px] italic"
          >
            Mentor: 
            Olivia Lewis
          </span>
        </div>
        <img
          class="place-self-center"
          src="/StudentSymposiumSoftware/umaine-machias.png"
        />
        <div
          class="col-span-3"
        >
          <span
            class="block mb-3 mt-2"
          >
            <span
              class="bg-primary-background text-white rounded-lg p-[5px] m-[5px] mb-0 ml-0"
            >
              Machine Learning
            </span>
            <span
              class="bg-primary-background text-white rounded-lg p-[5px] m-[5px] mb-0 ml-0"
            >
              Financial Fraud
            </span>
            <span
              class="bg-primary-background text-white rounded-lg p-[5px] m-[5px] mb-0 ml-0"
            >
              Detection
            </span>
          </span>
          This research explores the application of machine learning techniques in detecting financial fraud. By analyzing large datasets, we developed algorithms that can identify patterns indicative of fraudulent activities. Our findings demonstrate the effectiveness of these approaches in enhancing fraud detection systems, potentially saving millions in losses.
        </div>
      </div>
    </div>
  </div>,
  "debug": [Function],
  "findAllByAltText": [Function],
  "findAllByDisplayValue": [Function],
  "findAllByLabelText": [Function],
  "findAllByPlaceholderText": [Function],
  "findAllByRole": [Function],
  "findAllByTestId": [Function],
  "findAllByText": [Function],
  "findAllByTitle": [Function],
  "findByAltText": [Function],
  "findByDisplayValue": [Function],
  "findByLabelText": [Function],
  "findByPlaceholderText": [Function],
  "findByRole": [Function],
  "findByTestId": [Function],
  "findByText": [Function],
  "findByTitle": [Function],
  "getAllByAltText": [Function],
  "getAllByDisplayValue": [Function],
  "getAllByLabelText": [Function],
  "getAllByPlaceholderText": [Function],
  "getAllByRole": [Function],
  "getAllByTestId": [Function],
  "getAllByText": [Function],
  "getAllByTitle": [Function],
  "getByAltText": [Function],
  "getByDisplayValue": [Function],
  "getByLabelText": [Function],
  "getByPlaceholderText": [Function],
  "getByRole": [Function],
  "getByTestId": [Function],
  "getByText": [Function],
  "getByTitle": [Function],
  "queryAllByAltText": [Function],
  "queryAllByDisplayValue": [Function],
  "queryAllByLabelText": [Function],
  "queryAllByPlaceholderText": [Function],
  "queryAllByRole": [Function],
  "queryAllByTestId": [Function],
  "queryAllByText": [Function],
  "queryAllByTitle": [Function],
  "queryByAltText": [Function],
  "queryByDisplayValue": [Function],
  "queryByLabelText": [Function],
  "queryByPlaceholderText": [Function],
  "queryByRole": [Function],
  "queryByTestId": [Function],
  "queryByText": [Function],
  "queryByTitle": [Function],
  "rerender": [Function],
  "unmount": [Function],
}
`;
