// Vitest Snapshot v1, https://vitest.dev/guide/snapshot.html

exports[`Homepage renders correctly and updates abstract 1`] = `
{
  "asFragment": [Function],
  "baseElement": <body>
    <div>
      <div
        id="homepage-container"
      >
        <h2>
          Welcome to the Symposium Recap site !!
        </h2>
        <h3>
          Please select the needed link above to route to your component
        </h3>
        <div
          class="abstract-display"
        >
          <h4>
            Abstract 2
          </h4>
          <p>
            <strong>
              Author:
            </strong>
             
            Author B
          </p>
          <p>
            <strong>
              Professor:
            </strong>
             
            Prof. Y
          </p>
          <p>
            <strong>
              School:
            </strong>
             
            School X
          </p>
          <p>
            <strong>
              Major:
            </strong>
             
            Major A
          </p>
          <p>
            <strong>
              Category:
            </strong>
             
            Category 2
          </p>
          <p>
            <strong>
              Abstract Number:
            </strong>
             
            002
          </p>
        </div>
      </div>
    </div>
  </body>,
  "container": <div>
    <div
      id="homepage-container"
    >
      <h2>
        Welcome to the Symposium Recap site !!
      </h2>
      <h3>
        Please select the needed link above to route to your component
      </h3>
      <div
        class="abstract-display"
      >
        <h4>
          Abstract 2
        </h4>
        <p>
          <strong>
            Author:
          </strong>
           
          Author B
        </p>
        <p>
          <strong>
            Professor:
          </strong>
           
          Prof. Y
        </p>
        <p>
          <strong>
            School:
          </strong>
           
          School X
        </p>
        <p>
          <strong>
            Major:
          </strong>
           
          Major A
        </p>
        <p>
          <strong>
            Category:
          </strong>
           
          Category 2
        </p>
        <p>
          <strong>
            Abstract Number:
          </strong>
           
          002
        </p>
      </div>
    </div>
  </div>,
  "debug": [Function],
  "findAllByAltText": [Function],
  "findAllByDisplayValue": [Function],
  "findAllByLabelText": [Function],
  "findAllByPlaceholderText": [Function],
  "findAllByRole": [Function],
  "findAllByTestId": [Function],
  "findAllByText": [Function],
  "findAllByTitle": [Function],
  "findByAltText": [Function],
  "findByDisplayValue": [Function],
  "findByLabelText": [Function],
  "findByPlaceholderText": [Function],
  "findByRole": [Function],
  "findByTestId": [Function],
  "findByText": [Function],
  "findByTitle": [Function],
  "getAllByAltText": [Function],
  "getAllByDisplayValue": [Function],
  "getAllByLabelText": [Function],
  "getAllByPlaceholderText": [Function],
  "getAllByRole": [Function],
  "getAllByTestId": [Function],
  "getAllByText": [Function],
  "getAllByTitle": [Function],
  "getByAltText": [Function],
  "getByDisplayValue": [Function],
  "getByLabelText": [Function],
  "getByPlaceholderText": [Function],
  "getByRole": [Function],
  "getByTestId": [Function],
  "getByText": [Function],
  "getByTitle": [Function],
  "queryAllByAltText": [Function],
  "queryAllByDisplayValue": [Function],
  "queryAllByLabelText": [Function],
  "queryAllByPlaceholderText": [Function],
  "queryAllByRole": [Function],
  "queryAllByTestId": [Function],
  "queryAllByText": [Function],
  "queryAllByTitle": [Function],
  "queryByAltText": [Function],
  "queryByDisplayValue": [Function],
  "queryByLabelText": [Function],
  "queryByPlaceholderText": [Function],
  "queryByRole": [Function],
  "queryByTestId": [Function],
  "queryByText": [Function],
  "queryByTitle": [Function],
  "rerender": [Function],
  "unmount": [Function],
}
`;
