// Vitest Snapshot v1, https://vitest.dev/guide/snapshot.html

exports[`Author Page renders correctly 1`] = `
{
  "asFragment": [Function],
  "baseElement": <body>
    <div>
      <div
        class="author-container"
      >
        <h2
          id="author-title"
        >
          Elijah Smith
        </h2>
        <div
          id="abstract-display"
        >
          <div
            class="abstract-list"
            id="authored-abstracts"
          >
            <h3
              class="author-subtitle"
            >
              Authored:
            </h3>
            <div
              class="abstract-item"
            >
              <h3>
                38893888
              </h3>
              <h3>
                Machine Learning Approaches to Financial Fraud Detection
              </h3>
            </div>
          </div>
        </div>
      </div>
    </div>
  </body>,
  "container": <div>
    <div
      class="author-container"
    >
      <h2
        id="author-title"
      >
        Elijah Smith
      </h2>
      <div
        id="abstract-display"
      >
        <div
          class="abstract-list"
          id="authored-abstracts"
        >
          <h3
            class="author-subtitle"
          >
            Authored:
          </h3>
          <div
            class="abstract-item"
          >
            <h3>
              38893888
            </h3>
            <h3>
              Machine Learning Approaches to Financial Fraud Detection
            </h3>
          </div>
        </div>
      </div>
    </div>
  </div>,
  "debug": [Function],
  "findAllByAltText": [Function],
  "findAllByDisplayValue": [Function],
  "findAllByLabelText": [Function],
  "findAllByPlaceholderText": [Function],
  "findAllByRole": [Function],
  "findAllByTestId": [Function],
  "findAllByText": [Function],
  "findAllByTitle": [Function],
  "findByAltText": [Function],
  "findByDisplayValue": [Function],
  "findByLabelText": [Function],
  "findByPlaceholderText": [Function],
  "findByRole": [Function],
  "findByTestId": [Function],
  "findByText": [Function],
  "findByTitle": [Function],
  "getAllByAltText": [Function],
  "getAllByDisplayValue": [Function],
  "getAllByLabelText": [Function],
  "getAllByPlaceholderText": [Function],
  "getAllByRole": [Function],
  "getAllByTestId": [Function],
  "getAllByText": [Function],
  "getAllByTitle": [Function],
  "getByAltText": [Function],
  "getByDisplayValue": [Function],
  "getByLabelText": [Function],
  "getByPlaceholderText": [Function],
  "getByRole": [Function],
  "getByTestId": [Function],
  "getByText": [Function],
  "getByTitle": [Function],
  "queryAllByAltText": [Function],
  "queryAllByDisplayValue": [Function],
  "queryAllByLabelText": [Function],
  "queryAllByPlaceholderText": [Function],
  "queryAllByRole": [Function],
  "queryAllByTestId": [Function],
  "queryAllByText": [Function],
  "queryAllByTitle": [Function],
  "queryByAltText": [Function],
  "queryByDisplayValue": [Function],
  "queryByLabelText": [Function],
  "queryByPlaceholderText": [Function],
  "queryByRole": [Function],
  "queryByTestId": [Function],
  "queryByText": [Function],
  "queryByTitle": [Function],
  "rerender": [Function],
  "unmount": [Function],
}
`;
